// Jest Snapshot v1, https://goo.gl/fbAQLP

exports[`App should render banner text correctly with given strings 1`] = `
<ContextConsumer>
  <Component />
</ContextConsumer>
`;

exports[`App should render correctly with no props 1`] = `
<ContextConsumer>
  <Component />
</ContextConsumer>
`;
